masses:        e= 9.109e-31; ions in proton mass units:    2.000e+00  1.800e+02 ...
charges:       e=-1.602e-19; charges in elementary units:  1.000e+00  1.800e+01
n:             e:  1.000e+00                           i:  1.000e+00  1.000e-06
thermal T (K): e= 2.321e+07 i= 1.160e+07  1.160e+07. Normalization grid 0: v_0= 2.652e+07 ( 8.847e-02c) n_0= 1.000e+20 t_0= 4.630e-05 2 batched, view batch 1
Domain radius (AMR levels) grid 0: par= 5.000e+00 perp= 5.000e+00 (0) , 1: par= 5.835e-02 perp= 5.835e-02 (0) , 2: par= 6.151e-03 perp= 6.151e-03 (0) 
Using default Plex order for all matrices
[0] <vec> adaptToleranceFEM(): Phase:adaptToleranceFEM: Uniform refinement
[0] <vec> adaptToleranceFEM(): 	Phase: adaptToleranceFEM: 8 cells, 128 total quadrature points
[0] <vec> adaptToleranceFEM(): Phase:adaptToleranceFEM: Uniform refinement
[0] <vec> adaptToleranceFEM(): 	Phase: adaptToleranceFEM: 8 cells, 128 total quadrature points
[0] <vec> adaptToleranceFEM(): Phase:adaptToleranceFEM: Uniform refinement
[0] <vec> adaptToleranceFEM(): 	Phase: adaptToleranceFEM: 8 cells, 128 total quadrature points
nu_beta:  3.232545e-23 3.232545e-23 1.047344e-20
alpha[i]*beta[j]:
alpha_nu[0,:]: 3.093538e+22:  1.000000e+00 1.000000e+00 3.240000e+02
alpha_nu[1,:]: 8.427101e+18:  2.724098e-04 2.724098e-04 8.826077e-02
alpha_nu[2,:]: 3.033756e+19:  9.806753e-04 9.806753e-04 3.177388e-01
0) FormLandau 384 IPs, 24 cells total, Nb=16, Nq=16, dim=2, Tab: Nb=16 Nf=3 Np=16 cdim=2 N=546
Linear ptof_ solve converged due to CONVERGED_RTOL iterations 6
Linear ptof_ solve converged due to CONVERGED_RTOL iterations 6
Linear ptof_ solve converged due to CONVERGED_RTOL iterations 6
Linear ptof_ solve converged due to CONVERGED_RTOL iterations 6
Linear ptof_ solve converged due to CONVERGED_RTOL iterations 6
Linear ptof_ solve converged due to CONVERGED_RTOL iterations 6
  0) species-0: charge density= -1.6308716526065e+01 z-momentum= -2.7265112683257e-18 energy=  4.8330201258882e+04
  0) species-1: charge density=  1.6308422974452e+01 z-momentum= -1.2567570883422e-16 energy=  2.4164665665459e+04
  0) species-2: charge density=  2.9355161354013e-04 z-momentum= -2.5085769713473e-21 energy=  2.4164665665459e-02
	  0) Total: charge density=  1.9037191528043e-13, momentum= -1.2840472867952e-16, energy=  7.2494891089007e+04 (m_i[0]/m_e = 3670.94, 8 cells on electron grid)
0 TS dt 0.01 time 0.
    0 SNES Function norm 4.601865636711e-01 
    1 SNES Function norm 2.813716414808e-03 
    2 SNES Function norm 4.233685237295e-05 
    3 SNES Function norm 5.269364642517e-07 
    4 SNES Function norm 8.031589596861e-09 
    5 SNES Function norm 1.005379373105e-10 
    6 SNES Function norm 1.553115162261e-12 
  Nonlinear solve converged due to CONVERGED_SNORM_RELATIVE iterations 6
1 TS dt 0.01 time 0.01
  1) species-0: charge density= -1.6308716526065e+01 z-momentum= -2.7610903889462e-18 energy=  4.8329829078310e+04
  1) species-1: charge density=  1.6308422974452e+01 z-momentum= -1.2106279125745e-16 energy=  2.4165037790168e+04
  1) species-2: charge density=  2.9355161354013e-04 z-momentum= -2.5914385203012e-21 energy=  2.4220528604901e-02
	  1) Total: charge density=  1.9392462895923e-13, momentum= -1.2382647308492e-16, energy=  7.2494891089007e+04 (m_i[0]/m_e = 3670.94, 8 cells on electron grid)
Linear ftop_ solve converged due to CONVERGED_RTOL iterations 3
Linear ftop_ solve converged due to CONVERGED_RTOL iterations 3
Linear ftop_ solve converged due to CONVERGED_RTOL iterations 3
Linear ftop_ solve converged due to CONVERGED_RTOL iterations 3
Linear ftop_ solve converged due to CONVERGED_RTOL iterations 3
Linear ftop_ solve converged due to CONVERGED_RTOL iterations 3
Linear ptof_ solve converged due to CONVERGED_RTOL iterations 6
Linear ptof_ solve converged due to CONVERGED_RTOL iterations 6
Linear ptof_ solve converged due to CONVERGED_RTOL iterations 6
  0) species-0: charge density= -1.4609340158994e+01 z-momentum= -1.1130219940508e-17 energy=  3.4143109344190e+04
  0) species-1: charge density=  1.9936763206012e-03 z-momentum= -6.7097434815737e-20 energy=  2.3474139346333e+00
  0) species-2: charge density=  3.9875048968615e-10 z-momentum= -1.0003035668282e-26 energy=  2.6053688768393e-08
	  0) Total: charge density= -1.4607346482274e+01, momentum= -1.1197317385326e-17, energy=  3.4145456758150e+04 (m_i[0]/m_e = 3670.94, 8 cells on electron grid)
0 TS dt 0.01 time 0.
    0 SNES Function norm 1.566019476254e+00 
    1 SNES Function norm 8.354755864373e-01 
    2 SNES Function norm 7.749456552104e-03 
    3 SNES Function norm 9.514100490454e-05 
    4 SNES Function norm 1.076265863093e-06 
    5 SNES Function norm 1.324087889572e-08 
    6 SNES Function norm 1.515555866457e-10 
    7 SNES Function norm 1.860344408757e-12 
  Nonlinear solve converged due to CONVERGED_SNORM_RELATIVE iterations 7
1 TS dt 0.01 time 0.01
  1) species-0: charge density= -1.4609340158994e+01 z-momentum= -1.1532423249033e-17 energy=  3.4143109307538e+04
  1) species-1: charge density=  1.9936763206012e-03 z-momentum= -6.8017058294452e-20 energy=  2.3474505863404e+00
  1) species-2: charge density=  3.9875048968615e-10 z-momentum= -9.8220343365359e-27 energy=  2.6055172804001e-08
	  1) Total: charge density= -1.4607346482274e+01, momentum= -1.1600440317149e-17, energy=  3.4145456758150e+04 (m_i[0]/m_e = 3670.94, 8 cells on electron grid)
Linear ftop_ solve converged due to CONVERGED_RTOL iterations 3
Linear ftop_ solve converged due to CONVERGED_RTOL iterations 3
Linear ftop_ solve converged due to CONVERGED_RTOL iterations 3
[0] <vec> go(): Total number density:   3.395151327135e-07 (  3.395151327135e-07); x-momentum =  -1.363390085076e-16 (  1.535235325328e-17); energy =   1.448687413092e+05 (  1.448687413091e+05) error = 6.784323e-13 (log10 of error = -12), 288 particles. Use 1 threads
