masses:        e= 9.109e-31; ions in proton mass units:    2.000e+00  1.800e+02 ...
charges:       e=-1.602e-19; charges in elementary units:  1.000e+00  1.800e+01
n:             e:  1.000e+00                           i:  1.000e+00  1.000e-06
thermal T (K): e= 2.321e+07 i= 1.160e+07  1.160e+07. Normalization grid 0: v_0= 2.652e+07 ( 8.847e-02c) n_0= 1.000e+20 t_0= 4.630e-05 2 batched, view batch 1
Domain radius (AMR levels) grid 0: par= 5.000e+00 perp= 5.000e+00 (0) , 1: par= 5.835e-02 perp= 5.835e-02 (0) , 2: par= 6.151e-03 perp= 6.151e-03 (0) 
Using default Plex order for all matrices
[0] <vec> adaptToleranceFEM(): Phase:adaptToleranceFEM: Uniform refinement
[0] <vec> adaptToleranceFEM(): 	Phase: adaptToleranceFEM: 8 cells, 128 total quadrature points
[0] <vec> adaptToleranceFEM(): Phase:adaptToleranceFEM: Uniform refinement
[0] <vec> adaptToleranceFEM(): 	Phase: adaptToleranceFEM: 8 cells, 128 total quadrature points
[0] <vec> adaptToleranceFEM(): Phase:adaptToleranceFEM: Uniform refinement
[0] <vec> adaptToleranceFEM(): 	Phase: adaptToleranceFEM: 8 cells, 128 total quadrature points
0) FormLandau 384 IPs, 24 cells total, Nb=16, Nq=16, dim=2, Tab: Nb=16 Nf=3 Np=16 cdim=2 N=546
Linear ptof_ solve converged due to CONVERGED_RTOL iterations 6
Linear ptof_ solve converged due to CONVERGED_RTOL iterations 6
Linear ptof_ solve converged due to CONVERGED_RTOL iterations 6
Linear ptof_ solve converged due to CONVERGED_RTOL iterations 6
Linear ptof_ solve converged due to CONVERGED_RTOL iterations 6
Linear ptof_ solve converged due to CONVERGED_RTOL iterations 6
  0) species-0: charge density= -1.6308716526065e+01 z-momentum= -4.2333226456709e-19 energy=  4.8330201258882e+04
  0) species-1: charge density=  1.6308422974452e+01 z-momentum= -1.5637339811547e-16 energy=  2.4164665665459e+04
  0) species-2: charge density=  2.9355161354013e-04 z-momentum= -1.1199205847921e-21 energy=  2.4164665665459e-02
	  0) Total: charge density=  1.9836888208447e-14, momentum= -1.5679785030062e-16, energy=  7.2494891089007e+04 (m_i[0]/m_e = 3670.94, 8 cells on electron grid)
0 TS dt 0.01 time 0.
    0 SNES Function norm 4.601865636711e-01 
    1 SNES Function norm 2.813716414807e-03 
    2 SNES Function norm 4.233685237305e-05 
    3 SNES Function norm 5.269364668971e-07 
    4 SNES Function norm 8.031588161423e-09 
    5 SNES Function norm 1.005364226750e-10 
    6 SNES Function norm 1.554763532533e-12 
  Nonlinear solve converged due to CONVERGED_SNORM_RELATIVE iterations 6
1 TS dt 0.01 time 0.01
  1) species-0: charge density= -1.6308716526065e+01 z-momentum= -1.0216558365171e-19 energy=  4.8329829078311e+04
  1) species-1: charge density=  1.6308422974452e+01 z-momentum= -1.5873244716939e-16 energy=  2.4165037790168e+04
  1) species-2: charge density=  2.9355161354013e-04 z-momentum= -1.2047166446165e-21 energy=  2.4220528604901e-02
	  1) Total: charge density=  3.0495029244848e-14, momentum= -1.5883581746968e-16, energy=  7.2494891089007e+04 (m_i[0]/m_e = 3670.94, 8 cells on electron grid)
Linear ftop_ solve converged due to CONVERGED_RTOL iterations 3
Linear ftop_ solve converged due to CONVERGED_RTOL iterations 3
Linear ftop_ solve converged due to CONVERGED_RTOL iterations 3
Linear ftop_ solve converged due to CONVERGED_RTOL iterations 3
Linear ftop_ solve converged due to CONVERGED_RTOL iterations 3
Linear ftop_ solve converged due to CONVERGED_RTOL iterations 3
Linear ptof_ solve converged due to CONVERGED_RTOL iterations 6
Linear ptof_ solve converged due to CONVERGED_RTOL iterations 6
Linear ptof_ solve converged due to CONVERGED_RTOL iterations 6
  0) species-0: charge density= -0.0000000000000e+00 z-momentum=  0.0000000000000e+00 energy=  0.0000000000000e+00
  0) species-1: charge density=  0.0000000000000e+00 z-momentum=  0.0000000000000e+00 energy=  0.0000000000000e+00
  0) species-2: charge density=  0.0000000000000e+00 z-momentum=  0.0000000000000e+00 energy=  0.0000000000000e+00
	  0) Total: charge density=  0.0000000000000e+00, momentum=  0.0000000000000e+00, energy=  0.0000000000000e+00 (m_i[0]/m_e = 3670.94, 8 cells on electron grid)
0 TS dt 0.01 time 0.
    0 SNES Function norm 1.955973927752e-01 
    1 SNES Function norm 1.426026693031e-02 
    2 SNES Function norm 1.761791324010e-04 
    3 SNES Function norm 2.130090444009e-06 
    4 SNES Function norm 2.688905289736e-08 
    5 SNES Function norm 3.363273825704e-10 
    6 SNES Function norm 4.219205761047e-12 
    7 SNES Function norm 5.516767662587e-14 
  Nonlinear solve converged due to CONVERGED_SNORM_RELATIVE iterations 7
1 TS dt 0.01 time 0.01
  1) species-0: charge density= -0.0000000000000e+00 z-momentum=  0.0000000000000e+00 energy=  0.0000000000000e+00
  1) species-1: charge density=  0.0000000000000e+00 z-momentum=  0.0000000000000e+00 energy=  0.0000000000000e+00
  1) species-2: charge density=  0.0000000000000e+00 z-momentum=  0.0000000000000e+00 energy=  0.0000000000000e+00
	  1) Total: charge density=  0.0000000000000e+00, momentum=  0.0000000000000e+00, energy=  0.0000000000000e+00 (m_i[0]/m_e = 3670.94, 8 cells on electron grid)
Linear ftop_ solve converged due to CONVERGED_RTOL iterations 3
Linear ftop_ solve converged due to CONVERGED_RTOL iterations 3
Linear ftop_ solve converged due to CONVERGED_RTOL iterations 3
[0] <vec> go(): Total number density:   3.395151327135e-07 (  3.395151327135e-07); x-momentum =  -1.065899188560e-16 (  1.535235325328e-17); energy =   1.448687413092e+05 (  1.448687413091e+05) error = 6.669811e-13 (log10 of error = -11), 288 particles. Use 1 threads
Linear ptof_ solve converged due to CONVERGED_RTOL iterations 6
Linear ptof_ solve converged due to CONVERGED_RTOL iterations 6
Linear ptof_ solve converged due to CONVERGED_RTOL iterations 6
Linear ptof_ solve converged due to CONVERGED_RTOL iterations 6
Linear ptof_ solve converged due to CONVERGED_RTOL iterations 6
Linear ptof_ solve converged due to CONVERGED_RTOL iterations 6
  0) species-0: charge density= -1.6308716526065e+01 z-momentum= -4.2333226456709e-19 energy=  4.8330201258882e+04
  0) species-1: charge density=  1.6308422974452e+01 z-momentum= -1.5637339811547e-16 energy=  2.4164665665459e+04
  0) species-2: charge density=  2.9355161354013e-04 z-momentum= -1.1199205847921e-21 energy=  2.4164665665459e-02
	  0) Total: charge density=  1.9836888208447e-14, momentum= -1.5679785030062e-16, energy=  7.2494891089007e+04 (m_i[0]/m_e = 3670.94, 8 cells on electron grid)
0 TS dt 0.01 time 0.
    0 SNES Function norm 4.601865636711e-01 
    1 SNES Function norm 2.813716414807e-03 
    2 SNES Function norm 4.233685237305e-05 
    3 SNES Function norm 5.269364668971e-07 
    4 SNES Function norm 8.031588161423e-09 
    5 SNES Function norm 1.005364226750e-10 
    6 SNES Function norm 1.554763532533e-12 
  Nonlinear solve converged due to CONVERGED_SNORM_RELATIVE iterations 6
1 TS dt 0.01 time 0.01
  1) species-0: charge density= -1.6308716526065e+01 z-momentum= -1.0216558365171e-19 energy=  4.8329829078311e+04
  1) species-1: charge density=  1.6308422974452e+01 z-momentum= -1.5873244716939e-16 energy=  2.4165037790168e+04
  1) species-2: charge density=  2.9355161354013e-04 z-momentum= -1.2047166446165e-21 energy=  2.4220528604901e-02
	  1) Total: charge density=  3.0495029244848e-14, momentum= -1.5883581746968e-16, energy=  7.2494891089007e+04 (m_i[0]/m_e = 3670.94, 8 cells on electron grid)
Linear ftop_ solve converged due to CONVERGED_RTOL iterations 3
Linear ftop_ solve converged due to CONVERGED_RTOL iterations 3
Linear ftop_ solve converged due to CONVERGED_RTOL iterations 3
Linear ftop_ solve converged due to CONVERGED_RTOL iterations 3
Linear ftop_ solve converged due to CONVERGED_RTOL iterations 3
Linear ftop_ solve converged due to CONVERGED_RTOL iterations 3
Linear ptof_ solve converged due to CONVERGED_RTOL iterations 6
Linear ptof_ solve converged due to CONVERGED_RTOL iterations 6
Linear ptof_ solve converged due to CONVERGED_RTOL iterations 6
  0) species-0: charge density= -0.0000000000000e+00 z-momentum=  0.0000000000000e+00 energy=  0.0000000000000e+00
  0) species-1: charge density=  0.0000000000000e+00 z-momentum=  0.0000000000000e+00 energy=  0.0000000000000e+00
  0) species-2: charge density=  0.0000000000000e+00 z-momentum=  0.0000000000000e+00 energy=  0.0000000000000e+00
	  0) Total: charge density=  0.0000000000000e+00, momentum=  0.0000000000000e+00, energy=  0.0000000000000e+00 (m_i[0]/m_e = 3670.94, 8 cells on electron grid)
0 TS dt 0.01 time 0.
    0 SNES Function norm 1.955973927752e-01 
    1 SNES Function norm 1.426026693031e-02 
    2 SNES Function norm 1.761791324010e-04 
    3 SNES Function norm 2.130090444009e-06 
    4 SNES Function norm 2.688905289736e-08 
    5 SNES Function norm 3.363273825704e-10 
    6 SNES Function norm 4.219205761047e-12 
    7 SNES Function norm 5.516767662587e-14 
  Nonlinear solve converged due to CONVERGED_SNORM_RELATIVE iterations 7
1 TS dt 0.01 time 0.01
  1) species-0: charge density= -0.0000000000000e+00 z-momentum=  0.0000000000000e+00 energy=  0.0000000000000e+00
  1) species-1: charge density=  0.0000000000000e+00 z-momentum=  0.0000000000000e+00 energy=  0.0000000000000e+00
  1) species-2: charge density=  0.0000000000000e+00 z-momentum=  0.0000000000000e+00 energy=  0.0000000000000e+00
	  1) Total: charge density=  0.0000000000000e+00, momentum=  0.0000000000000e+00, energy=  0.0000000000000e+00 (m_i[0]/m_e = 3670.94, 8 cells on electron grid)
Linear ftop_ solve converged due to CONVERGED_RTOL iterations 3
Linear ftop_ solve converged due to CONVERGED_RTOL iterations 3
Linear ftop_ solve converged due to CONVERGED_RTOL iterations 3
[0] <vec> go(): Total number density:   3.395151327135e-07 (  3.395151327135e-07); x-momentum =  -1.065899188560e-16 (  1.535235325328e-17); energy =   1.448687413092e+05 (  1.448687413091e+05) error = 6.669811e-13 (log10 of error = -11), 288 particles. Use 1 threads
