masses:        e= 9.109e-31; ions in proton mass units:    2.000e+00  1.800e+02 ...
charges:       e=-1.602e-19; charges in elementary units:  1.000e+00  1.800e+01
n:             e:  1.000e+00                           i:  1.000e+00  1.000e-06
thermal T (K): e= 2.321e+07 i= 1.160e+07  1.160e+07. Normalization grid 0: v_0= 2.652e+07 ( 8.847e-02c) n_0= 1.000e+20 t_0= 4.630e-05 1 batched, view batch 0
Domain radius (AMR levels) grid 0: par= 5.000e+00 perp= 5.000e+00 (0) , 1: par= 5.835e-02 perp= 5.835e-02 (0) , 2: par= 6.151e-03 perp= 6.151e-03 (0) 
Using default Plex order for all matrices
0) FormLandau 648 IPs, 24 cells total, Nb=27, Nq=27, dim=3, Tab: Nb=27 Nf=3 Np=27 cdim=3 N=375
Linear ptof_ solve converged due to CONVERGED_RTOL iterations 4
Linear ptof_ solve converged due to CONVERGED_RTOL iterations 4
Linear ptof_ solve converged due to CONVERGED_RTOL iterations 4
  0) species 0: density=-2.5642651545902e+01, x-momentum=-2.5479991777523e-16, y-momentum=-1.4259171921359e-16, z-momentum=-1.4835909739224e-16, energy=  2.1747346997984e+04
  0) species 1: density= 2.5642189986483e+01, x-momentum=-4.1983259748868e-15, y-momentum= 7.6636338029814e-15, z-momentum= 2.2593980136280e-15, energy=  1.0873477776413e+04
  0) species 2: density= 4.6155941975670e-04, x-momentum=-3.5909680452512e-20, y-momentum= 8.0416327213617e-20, z-momentum= 2.4398051099003e-20, energy=  1.0873477776412e-02
	  0) Total: charge density=  4.5332693762029e-13, x-momentum= -4.4531618023424e-15, y-momentum=  7.5211225000951e-15, z-momentum=  2.1110633142869e-15, energy=  3.2620835647874e+04 (m_i[0]/m_e = 3670.94, 8 cells)
0 TS dt 0.05 time 0.
    0 SNES Function norm 5.575712935905e+00 
    1 SNES Function norm 5.817644278459e-01 
    2 SNES Function norm 1.348615995186e-01 
    3 SNES Function norm 2.973041893951e-02 
    4 SNES Function norm 6.576901460705e-03 
    5 SNES Function norm 1.455697490523e-03 
    6 SNES Function norm 3.222277969610e-04 
    7 SNES Function norm 7.132845136577e-05 
    8 SNES Function norm 1.578937346373e-05 
    9 SNES Function norm 3.495162684153e-06 
  Nonlinear solve converged due to CONVERGED_SNORM_RELATIVE iterations 9
1 TS dt 0.05 time 0.05
  1) species 0: density=-2.5642651545902e+01, x-momentum=-2.5232279531623e-16, y-momentum=-1.3635490327620e-16, z-momentum=-1.4599514296437e-16, energy=  2.1769556160532e+04
  1) species 1: density= 2.5642189986483e+01, x-momentum=-4.1877478186195e-15, y-momentum= 7.7831188862729e-15, z-momentum= 2.1853509197572e-15, energy=  1.0851279578961e+04
  1) species 2: density= 4.6155941975670e-04, x-momentum=-3.6461660887567e-20, y-momentum= 7.5750286993922e-20, z-momentum= 2.0719901097187e-20, energy=  3.9477793509815e-03
	  1) Total: charge density=  4.6043220234757e-13, x-momentum= -4.4401070755966e-15, y-momentum=  7.6468397332837e-15, z-momentum=  2.0393764966940e-15, energy=  3.2620839687272e+04 (m_i[0]/m_e = 3670.94, 8 cells)
Linear ftop_ solve converged due to CONVERGED_RTOL iterations 10
Linear ftop_ solve converged due to CONVERGED_RTOL iterations 10
Linear ftop_ solve converged due to CONVERGED_RTOL iterations 10
[0] <vec> go(): Total number density:   5.353798493518e-07 (  5.353798493518e-07); x-momentum =   2.207347026995e-12 (  9.131343175900e-18); energy =   6.524167937461e+04 (  6.524167129598e+04) error = 1.238262e-07 (log10 of error = -6), 125 particles. Use 1 threads
