  0 SNES Function norm 1.998178288180e-02 
  1 SNES Function norm 9.963664527698e-18 
Nonlinear solve converged due to CONVERGED_FNORM_RELATIVE iterations 1
  0 SNES Function norm 1.998178288180e-02 
  1 SNES Function norm 2.912175038937e-18 
Nonlinear solve converged due to CONVERGED_FNORM_RELATIVE iterations 1
  0 SNES Function norm 1.998178288180e-02 
  1 SNES Function norm 2.886910969762e-18 
Nonlinear solve converged due to CONVERGED_FNORM_RELATIVE iterations 1
  0 SNES Function norm 2.010865261912e-02 
  1 SNES Function norm 2.689051163469e-18 
Nonlinear solve converged due to CONVERGED_FNORM_RELATIVE iterations 1
  0 SNES Function norm 2.488478496565e-02 
  1 SNES Function norm 6.968046344827e-18 
Nonlinear solve converged due to CONVERGED_FNORM_RELATIVE iterations 1
  0 SNES Function norm 2.485069620311e-02 
  1 SNES Function norm 8.120310622278e-18 
Nonlinear solve converged due to CONVERGED_FNORM_RELATIVE iterations 1
  0 SNES Function norm 1.999238611040e-02 
  1 SNES Function norm 5.356661003234e-18 
Nonlinear solve converged due to CONVERGED_FNORM_RELATIVE iterations 1
  0 SNES Function norm 2.004531812284e-02 
  1 SNES Function norm 3.634908046050e-18 
Nonlinear solve converged due to CONVERGED_FNORM_RELATIVE iterations 1
  0 SNES Function norm 1.999238611040e-02 
  1 SNES Function norm 4.599939635320e-18 
Nonlinear solve converged due to CONVERGED_FNORM_RELATIVE iterations 1
  0 SNES Function norm 2.485069620311e-02 
  1 SNES Function norm 4.605306911535e-18 
Nonlinear solve converged due to CONVERGED_FNORM_RELATIVE iterations 1
  0 SNES Function norm 1.998178288180e-02 
  1 SNES Function norm 3.906149820653e-18 
Nonlinear solve converged due to CONVERGED_FNORM_RELATIVE iterations 1
  0 SNES Function norm 2.484216670357e-02 
  1 SNES Function norm 1.234247578770e-17 
Nonlinear solve converged due to CONVERGED_FNORM_RELATIVE iterations 1
  0 SNES Function norm 1.998178288180e-02 
  1 SNES Function norm 4.094235113161e-18 
Nonlinear solve converged due to CONVERGED_FNORM_RELATIVE iterations 1
  0 SNES Function norm 2.484216670357e-02 
  1 SNES Function norm 5.619248014947e-18 
Nonlinear solve converged due to CONVERGED_FNORM_RELATIVE iterations 1
  0 SNES Function norm 2.004531812284e-02 
  1 SNES Function norm 2.611363727560e-18 
Nonlinear solve converged due to CONVERGED_FNORM_RELATIVE iterations 1
  0 SNES Function norm 2.487626715435e-02 
  1 SNES Function norm 7.261461993860e-18 
Nonlinear solve converged due to CONVERGED_FNORM_RELATIVE iterations 1
  0 SNES Function norm 2.492733036338e-02 
  1 SNES Function norm 3.633536560397e-18 
Nonlinear solve converged due to CONVERGED_FNORM_RELATIVE iterations 1
  0 SNES Function norm 1.998178288180e-02 
  1 SNES Function norm 2.889326760352e-18 
Nonlinear solve converged due to CONVERGED_FNORM_RELATIVE iterations 1
  0 SNES Function norm 2.484216670357e-02 
  1 SNES Function norm 1.143863341589e-17 
Nonlinear solve converged due to CONVERGED_FNORM_RELATIVE iterations 1
  0 SNES Function norm 2.487626715435e-02 
  1 SNES Function norm 6.684579913918e-18 
Nonlinear solve converged due to CONVERGED_FNORM_RELATIVE iterations 1
  0 SNES Function norm 2.010865261912e-02 
  1 SNES Function norm 2.843939030538e-18 
Nonlinear solve converged due to CONVERGED_FNORM_RELATIVE iterations 1
  0 SNES Function norm 2.488478496565e-02 
  1 SNES Function norm 6.846360722868e-18 
Nonlinear solve converged due to CONVERGED_FNORM_RELATIVE iterations 1
  0 SNES Function norm 2.485069620311e-02 
  1 SNES Function norm 8.466073857981e-18 
Nonlinear solve converged due to CONVERGED_FNORM_RELATIVE iterations 1
  0 SNES Function norm 1.999238611040e-02 
  1 SNES Function norm 5.426429165492e-18 
Nonlinear solve converged due to CONVERGED_FNORM_RELATIVE iterations 1
  0 SNES Function norm 2.004531812284e-02 
  1 SNES Function norm 3.634908046050e-18 
Nonlinear solve converged due to CONVERGED_FNORM_RELATIVE iterations 1
  0 SNES Function norm 1.999238611040e-02 
  1 SNES Function norm 4.178073628153e-18 
Nonlinear solve converged due to CONVERGED_FNORM_RELATIVE iterations 1
  0 SNES Function norm 2.485069620311e-02 
  1 SNES Function norm 1.165091756732e-17 
Nonlinear solve converged due to CONVERGED_FNORM_RELATIVE iterations 1
  0 SNES Function norm 1.999238611040e-02 
  1 SNES Function norm 4.298694126700e-18 
Nonlinear solve converged due to CONVERGED_FNORM_RELATIVE iterations 1
  0 SNES Function norm 1.999238611040e-02 
  1 SNES Function norm 5.957148617701e-18 
Nonlinear solve converged due to CONVERGED_FNORM_RELATIVE iterations 1
  0 SNES Function norm 2.488478496565e-02 
  1 SNES Function norm 5.249217615815e-18 
Nonlinear solve converged due to CONVERGED_FNORM_RELATIVE iterations 1
  0 SNES Function norm 2.492733036338e-02 
  1 SNES Function norm 4.546821386094e-18 
Nonlinear solve converged due to CONVERGED_FNORM_RELATIVE iterations 1
  0 SNES Function norm 2.004531812284e-02 
  1 SNES Function norm 3.402737038856e-18 
Nonlinear solve converged due to CONVERGED_FNORM_RELATIVE iterations 1
  0 SNES Function norm 1.999238611040e-02 
  1 SNES Function norm 4.271419096021e-18 
Nonlinear solve converged due to CONVERGED_FNORM_RELATIVE iterations 1
  0 SNES Function norm 2.485069620311e-02 
  1 SNES Function norm 8.767602690850e-18 
Nonlinear solve converged due to CONVERGED_FNORM_RELATIVE iterations 1
  0 SNES Function norm 1.998178288180e-02 
  1 SNES Function norm 4.529064198082e-18 
Nonlinear solve converged due to CONVERGED_FNORM_RELATIVE iterations 1
  0 SNES Function norm 1.998178288180e-02 
  1 SNES Function norm 4.294997412181e-18 
Nonlinear solve converged due to CONVERGED_FNORM_RELATIVE iterations 1
  0 SNES Function norm 1.998178288180e-02 
  1 SNES Function norm 9.494664910599e-18 
Nonlinear solve converged due to CONVERGED_FNORM_RELATIVE iterations 1
  0 SNES Function norm 1.998178288180e-02 
  1 SNES Function norm 4.381354417363e-18 
Nonlinear solve converged due to CONVERGED_FNORM_RELATIVE iterations 1
  0 SNES Function norm 2.484216670357e-02 
  1 SNES Function norm 1.105938788797e-17 
Nonlinear solve converged due to CONVERGED_FNORM_RELATIVE iterations 1
  0 SNES Function norm 1.998178288180e-02 
  1 SNES Function norm 4.092849658825e-18 
Nonlinear solve converged due to CONVERGED_FNORM_RELATIVE iterations 1
  0 SNES Function norm 2.484216670357e-02 
  1 SNES Function norm 6.467269629135e-18 
Nonlinear solve converged due to CONVERGED_FNORM_RELATIVE iterations 1
  0 SNES Function norm 2.004531812284e-02 
  1 SNES Function norm 2.611192273392e-18 
Nonlinear solve converged due to CONVERGED_FNORM_RELATIVE iterations 1
  0 SNES Function norm 2.487626715435e-02 
  1 SNES Function norm 3.786129705693e-18 
Nonlinear solve converged due to CONVERGED_FNORM_RELATIVE iterations 1
  0 SNES Function norm 2.492733036338e-02 
  1 SNES Function norm 2.766263408718e-18 
Nonlinear solve converged due to CONVERGED_FNORM_RELATIVE iterations 1
  0 SNES Function norm 1.998178288180e-02 
  1 SNES Function norm 4.058188134997e-18 
Nonlinear solve converged due to CONVERGED_FNORM_RELATIVE iterations 1
  0 SNES Function norm 2.484216670357e-02 
  1 SNES Function norm 7.489706250997e-18 
Nonlinear solve converged due to CONVERGED_FNORM_RELATIVE iterations 1
  0 SNES Function norm 2.487626715435e-02 
  1 SNES Function norm 3.101974324495e-18 
Nonlinear solve converged due to CONVERGED_FNORM_RELATIVE iterations 1
  0 SNES Function norm 2.010865261912e-02 
  1 SNES Function norm 5.138280317279e-18 
Nonlinear solve converged due to CONVERGED_FNORM_RELATIVE iterations 1
  0 SNES Function norm 2.492733036338e-02 
  1 SNES Function norm 1.043577344447e-17 
Nonlinear solve converged due to CONVERGED_FNORM_RELATIVE iterations 1
  0 SNES Function norm 2.485069620311e-02 
  1 SNES Function norm 7.047916382341e-18 
Nonlinear solve converged due to CONVERGED_FNORM_RELATIVE iterations 1
  0 SNES Function norm 2.004531812284e-02 
  1 SNES Function norm 4.625364546170e-18 
Nonlinear solve converged due to CONVERGED_FNORM_RELATIVE iterations 1
  0 SNES Function norm 1.999238611040e-02 
  1 SNES Function norm 6.304241746737e-18 
Nonlinear solve converged due to CONVERGED_FNORM_RELATIVE iterations 1
  0 SNES Function norm 2.004531812284e-02 
  1 SNES Function norm 4.732199860561e-18 
Nonlinear solve converged due to CONVERGED_FNORM_RELATIVE iterations 1
  0 SNES Function norm 2.485069620311e-02 
  1 SNES Function norm 4.631299841770e-18 
Nonlinear solve converged due to CONVERGED_FNORM_RELATIVE iterations 1
Coarse L_2 Error: 0.198266
Refined L_2 Error: 0.051963
Reduced L_2 Error: 0.250217
  ||Ph - P||_F/||P||_F = 3.17704e-16, ||Ph - P||_F = 1.507e-15
